// Jest Snapshot v1, https://goo.gl/fbAQLP

exports[`components <function RenderRadio(props) {_classCallCheck(this, RenderRadio);var _this = _possibleConstructorReturn(this, (RenderRadio.__proto__ || Object.getPrototypeOf(RenderRadio)).call(this,
    props));
    _this.state = {
      openPanel: false };return _this;

  } /> renders correctly 1`] = `
<fieldset
  className="field radio-group"
>
  <div>
    <div />
  </div>
  <div />
</fieldset>
`;

exports[`components <function TextField(props) {_classCallCheck(this, TextField);var _this = _possibleConstructorReturn(this, (TextField.__proto__ || Object.getPrototypeOf(TextField)).call(this,
    props));
    _this.state = { show: false };return _this;
  } /> renders correctly 1`] = `
<fieldset
  className="field"
>
  <legend />
  <input
    type="text"
    value={undefined}
  />
  <div />
</fieldset>
`;
